// Vitest Snapshot v1, https://vitest.dev/guide/snapshot.html

exports[`NavigationListItem > should match snapshot 1`] = `
{
  "asFragment": [Function],
  "baseElement": <body>
    <div>
      <nav
        aria-label="Main"
        data-orientation="horizontal"
        dir="ltr"
      >
        <a
          class="group inline-flex h-9 items-center bg-primary px-4 py-2 text-sm font-medium transition-colors hover:bg-primary-lighter hover:text-primary-foreground focus:bg-primary-lighter focus:text-primary-foreground focus:outline-none disabled:pointer-events-none disabled:opacity-50 data-[active]:bg-backgrprimaryound-lighter/50 data-[state=open]:bg-primary-lighter/50 cursor-pointer rounded-none w-full m-0 whitespace-nowrap justify-start"
          data-radix-collection-item=""
        >
          Item
        </a>
      </nav>
    </div>
  </body>,
  "container": <div>
    <nav
      aria-label="Main"
      data-orientation="horizontal"
      dir="ltr"
    >
      <a
        class="group inline-flex h-9 items-center bg-primary px-4 py-2 text-sm font-medium transition-colors hover:bg-primary-lighter hover:text-primary-foreground focus:bg-primary-lighter focus:text-primary-foreground focus:outline-none disabled:pointer-events-none disabled:opacity-50 data-[active]:bg-backgrprimaryound-lighter/50 data-[state=open]:bg-primary-lighter/50 cursor-pointer rounded-none w-full m-0 whitespace-nowrap justify-start"
        data-radix-collection-item=""
      >
        Item
      </a>
    </nav>
  </div>,
  "debug": [Function],
  "findAllByAltText": [Function],
  "findAllByDisplayValue": [Function],
  "findAllByLabelText": [Function],
  "findAllByPlaceholderText": [Function],
  "findAllByRole": [Function],
  "findAllByTestId": [Function],
  "findAllByText": [Function],
  "findAllByTitle": [Function],
  "findByAltText": [Function],
  "findByDisplayValue": [Function],
  "findByLabelText": [Function],
  "findByPlaceholderText": [Function],
  "findByRole": [Function],
  "findByTestId": [Function],
  "findByText": [Function],
  "findByTitle": [Function],
  "getAllByAltText": [Function],
  "getAllByDisplayValue": [Function],
  "getAllByLabelText": [Function],
  "getAllByPlaceholderText": [Function],
  "getAllByRole": [Function],
  "getAllByTestId": [Function],
  "getAllByText": [Function],
  "getAllByTitle": [Function],
  "getByAltText": [Function],
  "getByDisplayValue": [Function],
  "getByLabelText": [Function],
  "getByPlaceholderText": [Function],
  "getByRole": [Function],
  "getByTestId": [Function],
  "getByText": [Function],
  "getByTitle": [Function],
  "queryAllByAltText": [Function],
  "queryAllByDisplayValue": [Function],
  "queryAllByLabelText": [Function],
  "queryAllByPlaceholderText": [Function],
  "queryAllByRole": [Function],
  "queryAllByTestId": [Function],
  "queryAllByText": [Function],
  "queryAllByTitle": [Function],
  "queryByAltText": [Function],
  "queryByDisplayValue": [Function],
  "queryByLabelText": [Function],
  "queryByPlaceholderText": [Function],
  "queryByRole": [Function],
  "queryByTestId": [Function],
  "queryByText": [Function],
  "queryByTitle": [Function],
  "rerender": [Function],
  "unmount": [Function],
}
`;
