// Vitest Snapshot v1, https://vitest.dev/guide/snapshot.html

exports[`OpenInSpotifyButton > should match snapshot 1`] = `
{
  "asFragment": [Function],
  "baseElement": <body>
    <div>
      <button
        data-state="closed"
      >
        <a
          href="https://spotify.com"
          target="_blank"
        >
          <img
            alt=""
            class="min-w-[20px] h-[20px]"
            data-nimg="1"
            decoding="async"
            height="20"
            loading="lazy"
            src="/_next/image?url=%2Fspotify-icon-white.png&w=48&q=75"
            srcset="/_next/image?url=%2Fspotify-icon-white.png&w=32&q=75 1x, /_next/image?url=%2Fspotify-icon-white.png&w=48&q=75 2x"
            style="color: transparent;"
            width="20"
          />
        </a>
      </button>
    </div>
  </body>,
  "container": <div>
    <button
      data-state="closed"
    >
      <a
        href="https://spotify.com"
        target="_blank"
      >
        <img
          alt=""
          class="min-w-[20px] h-[20px]"
          data-nimg="1"
          decoding="async"
          height="20"
          loading="lazy"
          src="/_next/image?url=%2Fspotify-icon-white.png&w=48&q=75"
          srcset="/_next/image?url=%2Fspotify-icon-white.png&w=32&q=75 1x, /_next/image?url=%2Fspotify-icon-white.png&w=48&q=75 2x"
          style="color: transparent;"
          width="20"
        />
      </a>
    </button>
  </div>,
  "debug": [Function],
  "findAllByAltText": [Function],
  "findAllByDisplayValue": [Function],
  "findAllByLabelText": [Function],
  "findAllByPlaceholderText": [Function],
  "findAllByRole": [Function],
  "findAllByTestId": [Function],
  "findAllByText": [Function],
  "findAllByTitle": [Function],
  "findByAltText": [Function],
  "findByDisplayValue": [Function],
  "findByLabelText": [Function],
  "findByPlaceholderText": [Function],
  "findByRole": [Function],
  "findByTestId": [Function],
  "findByText": [Function],
  "findByTitle": [Function],
  "getAllByAltText": [Function],
  "getAllByDisplayValue": [Function],
  "getAllByLabelText": [Function],
  "getAllByPlaceholderText": [Function],
  "getAllByRole": [Function],
  "getAllByTestId": [Function],
  "getAllByText": [Function],
  "getAllByTitle": [Function],
  "getByAltText": [Function],
  "getByDisplayValue": [Function],
  "getByLabelText": [Function],
  "getByPlaceholderText": [Function],
  "getByRole": [Function],
  "getByTestId": [Function],
  "getByText": [Function],
  "getByTitle": [Function],
  "queryAllByAltText": [Function],
  "queryAllByDisplayValue": [Function],
  "queryAllByLabelText": [Function],
  "queryAllByPlaceholderText": [Function],
  "queryAllByRole": [Function],
  "queryAllByTestId": [Function],
  "queryAllByText": [Function],
  "queryAllByTitle": [Function],
  "queryByAltText": [Function],
  "queryByDisplayValue": [Function],
  "queryByLabelText": [Function],
  "queryByPlaceholderText": [Function],
  "queryByRole": [Function],
  "queryByTestId": [Function],
  "queryByText": [Function],
  "queryByTitle": [Function],
  "rerender": [Function],
  "unmount": [Function],
}
`;
