// Vitest Snapshot v1, https://vitest.dev/guide/snapshot.html

exports[`ProfileCard > should match snapshot 1`] = `
{
  "asFragment": [Function],
  "baseElement": <body>
    <div>
      <div
        class="rounded-xl border border-card bg-background text-card-foreground shadow min-w-[75%]"
      >
        <div
          class="flex flex-col space-y-1.5 justify-between gap-8 p-4 lg:flex-row lg:items-center"
        >
          <div
            class="flex flex-wrap items-center justify-center gap-4 p-4 sm:justify-start"
          >
            <span>
              <span
                class="flex rounded-full bg-primary h-[128px] w-[128px]"
              >
                <span
                  class="flex h-full w-full items-center justify-center text-primary-foreground text-5xl"
                >
                  M
                </span>
              </span>
            </span>
            <div
              class="flex h-full flex-col justify-between gap-4"
            >
              <div>
                <h3
                  class="font-semibold tracking-tight text-2xl md:text-3xl"
                >
                  Mnigos
                </h3>
                <p
                  class="flex items-center gap-2 whitespace-nowrap text-lg leading-5 text-foreground"
                >
                  <button
                    data-state="closed"
                  >
                    <a
                      class="cursor-pointer"
                      href="https://open.spotify.com/user/moneyigos"
                      target="_blank"
                    >
                      <svg
                        class="min-w-[20px] h-[20px]"
                        fill="currentColor"
                        height="1em"
                        stroke="currentColor"
                        stroke-width="0"
                        viewBox="0 0 496 512"
                        width="1em"
                        xmlns="http://www.w3.org/2000/svg"
                      >
                        <path
                          d="M248 8C111.1 8 0 119.1 0 256s111.1 248 248 248 248-111.1 248-248S384.9 8 248 8zm100.7 364.9c-4.2 0-6.8-1.3-10.7-3.6-62.4-37.6-135-39.2-206.7-24.5-3.9 1-9 2.6-11.9 2.6-9.7 0-15.8-7.7-15.8-15.8 0-10.3 6.1-15.2 13.6-16.8 81.9-18.1 165.6-16.5 237 26.2 6.1 3.9 9.7 7.4 9.7 16.5s-7.1 15.4-15.2 15.4zm26.9-65.6c-5.2 0-8.7-2.3-12.3-4.2-62.5-37-155.7-51.9-238.6-29.4-4.8 1.3-7.4 2.6-11.9 2.6-10.7 0-19.4-8.7-19.4-19.4s5.2-17.8 15.5-20.7c27.8-7.8 56.2-13.6 97.8-13.6 64.9 0 127.6 16.1 177 45.5 8.1 4.8 11.3 11 11.3 19.7-.1 10.8-8.5 19.5-19.4 19.5zm31-76.2c-5.2 0-8.4-1.3-12.9-3.9-71.2-42.5-198.5-52.7-280.9-29.7-3.6 1-8.1 2.6-12.9 2.6-13.2 0-23.3-10.3-23.3-23.6 0-13.6 8.4-21.3 17.4-23.9 35.2-10.3 74.6-15.2 117.5-15.2 73 0 149.5 15.2 205.4 47.8 7.8 4.5 12.9 10.7 12.9 22.6 0 13.6-11 23.3-23.2 23.3z"
                        />
                      </svg>
                    </a>
                  </button>
                  <span
                    class="text-md md:text-xl"
                  >
                    Followers: 
                    420
                  </span>
                </p>
              </div>
              <div
                class="items-left flex flex-row gap-2"
              >
                <button
                  class="items-center justify-center whitespace-nowrap rounded-md text-sm font-medium transition-colors focus-visible:outline-none focus-visible:ring-1 focus-visible:ring-ring disabled:pointer-events-none disabled:opacity-50 cursor-pointer border border-input bg-transparent shadow-sm hover:text-accent-foreground h-9 px-4 py-2 flex flex-row gap-2 hover:bg-white"
                >
                  Share 
                  <svg
                    fill="none"
                    height="15"
                    viewBox="0 0 15 15"
                    width="15"
                    xmlns="http://www.w3.org/2000/svg"
                  >
                    <path
                      clip-rule="evenodd"
                      d="M5 7.50003C5 8.32845 4.32843 9.00003 3.5 9.00003C2.67157 9.00003 2 8.32845 2 7.50003C2 6.6716 2.67157 6.00003 3.5 6.00003C4.32843 6.00003 5 6.6716 5 7.50003ZM5.71313 8.66388C5.29445 9.45838 4.46048 10 3.5 10C2.11929 10 1 8.88074 1 7.50003C1 6.11931 2.11929 5.00003 3.5 5.00003C4.46048 5.00003 5.29445 5.54167 5.71313 6.33616L9.10424 4.21671C9.03643 3.98968 9 3.74911 9 3.50003C9 2.11932 10.1193 1.00003 11.5 1.00003C12.8807 1.00003 14 2.11932 14 3.50003C14 4.88074 12.8807 6.00003 11.5 6.00003C10.6915 6.00003 9.97264 5.61624 9.51566 5.0209L5.9853 7.22738C5.99502 7.31692 6 7.40789 6 7.50003C6 7.59216 5.99502 7.68312 5.9853 7.77267L9.51567 9.97915C9.97265 9.38382 10.6915 9.00003 11.5 9.00003C12.8807 9.00003 14 10.1193 14 11.5C14 12.8807 12.8807 14 11.5 14C10.1193 14 9 12.8807 9 11.5C9 11.2509 9.03643 11.0104 9.10425 10.7833L5.71313 8.66388ZM11.5 5.00003C12.3284 5.00003 13 4.32846 13 3.50003C13 2.6716 12.3284 2.00003 11.5 2.00003C10.6716 2.00003 10 2.6716 10 3.50003C10 4.32846 10.6716 5.00003 11.5 5.00003ZM13 11.5C13 12.3285 12.3284 13 11.5 13C10.6716 13 10 12.3285 10 11.5C10 10.6716 10.6716 10 11.5 10C12.3284 10 13 10.6716 13 11.5Z"
                      fill="currentColor"
                      fill-rule="evenodd"
                    />
                  </svg>
                </button>
              </div>
            </div>
          </div>
        </div>
      </div>
    </div>
  </body>,
  "container": <div>
    <div
      class="rounded-xl border border-card bg-background text-card-foreground shadow min-w-[75%]"
    >
      <div
        class="flex flex-col space-y-1.5 justify-between gap-8 p-4 lg:flex-row lg:items-center"
      >
        <div
          class="flex flex-wrap items-center justify-center gap-4 p-4 sm:justify-start"
        >
          <span>
            <span
              class="flex rounded-full bg-primary h-[128px] w-[128px]"
            >
              <span
                class="flex h-full w-full items-center justify-center text-primary-foreground text-5xl"
              >
                M
              </span>
            </span>
          </span>
          <div
            class="flex h-full flex-col justify-between gap-4"
          >
            <div>
              <h3
                class="font-semibold tracking-tight text-2xl md:text-3xl"
              >
                Mnigos
              </h3>
              <p
                class="flex items-center gap-2 whitespace-nowrap text-lg leading-5 text-foreground"
              >
                <button
                  data-state="closed"
                >
                  <a
                    class="cursor-pointer"
                    href="https://open.spotify.com/user/moneyigos"
                    target="_blank"
                  >
                    <svg
                      class="min-w-[20px] h-[20px]"
                      fill="currentColor"
                      height="1em"
                      stroke="currentColor"
                      stroke-width="0"
                      viewBox="0 0 496 512"
                      width="1em"
                      xmlns="http://www.w3.org/2000/svg"
                    >
                      <path
                        d="M248 8C111.1 8 0 119.1 0 256s111.1 248 248 248 248-111.1 248-248S384.9 8 248 8zm100.7 364.9c-4.2 0-6.8-1.3-10.7-3.6-62.4-37.6-135-39.2-206.7-24.5-3.9 1-9 2.6-11.9 2.6-9.7 0-15.8-7.7-15.8-15.8 0-10.3 6.1-15.2 13.6-16.8 81.9-18.1 165.6-16.5 237 26.2 6.1 3.9 9.7 7.4 9.7 16.5s-7.1 15.4-15.2 15.4zm26.9-65.6c-5.2 0-8.7-2.3-12.3-4.2-62.5-37-155.7-51.9-238.6-29.4-4.8 1.3-7.4 2.6-11.9 2.6-10.7 0-19.4-8.7-19.4-19.4s5.2-17.8 15.5-20.7c27.8-7.8 56.2-13.6 97.8-13.6 64.9 0 127.6 16.1 177 45.5 8.1 4.8 11.3 11 11.3 19.7-.1 10.8-8.5 19.5-19.4 19.5zm31-76.2c-5.2 0-8.4-1.3-12.9-3.9-71.2-42.5-198.5-52.7-280.9-29.7-3.6 1-8.1 2.6-12.9 2.6-13.2 0-23.3-10.3-23.3-23.6 0-13.6 8.4-21.3 17.4-23.9 35.2-10.3 74.6-15.2 117.5-15.2 73 0 149.5 15.2 205.4 47.8 7.8 4.5 12.9 10.7 12.9 22.6 0 13.6-11 23.3-23.2 23.3z"
                      />
                    </svg>
                  </a>
                </button>
                <span
                  class="text-md md:text-xl"
                >
                  Followers: 
                  420
                </span>
              </p>
            </div>
            <div
              class="items-left flex flex-row gap-2"
            >
              <button
                class="items-center justify-center whitespace-nowrap rounded-md text-sm font-medium transition-colors focus-visible:outline-none focus-visible:ring-1 focus-visible:ring-ring disabled:pointer-events-none disabled:opacity-50 cursor-pointer border border-input bg-transparent shadow-sm hover:text-accent-foreground h-9 px-4 py-2 flex flex-row gap-2 hover:bg-white"
              >
                Share 
                <svg
                  fill="none"
                  height="15"
                  viewBox="0 0 15 15"
                  width="15"
                  xmlns="http://www.w3.org/2000/svg"
                >
                  <path
                    clip-rule="evenodd"
                    d="M5 7.50003C5 8.32845 4.32843 9.00003 3.5 9.00003C2.67157 9.00003 2 8.32845 2 7.50003C2 6.6716 2.67157 6.00003 3.5 6.00003C4.32843 6.00003 5 6.6716 5 7.50003ZM5.71313 8.66388C5.29445 9.45838 4.46048 10 3.5 10C2.11929 10 1 8.88074 1 7.50003C1 6.11931 2.11929 5.00003 3.5 5.00003C4.46048 5.00003 5.29445 5.54167 5.71313 6.33616L9.10424 4.21671C9.03643 3.98968 9 3.74911 9 3.50003C9 2.11932 10.1193 1.00003 11.5 1.00003C12.8807 1.00003 14 2.11932 14 3.50003C14 4.88074 12.8807 6.00003 11.5 6.00003C10.6915 6.00003 9.97264 5.61624 9.51566 5.0209L5.9853 7.22738C5.99502 7.31692 6 7.40789 6 7.50003C6 7.59216 5.99502 7.68312 5.9853 7.77267L9.51567 9.97915C9.97265 9.38382 10.6915 9.00003 11.5 9.00003C12.8807 9.00003 14 10.1193 14 11.5C14 12.8807 12.8807 14 11.5 14C10.1193 14 9 12.8807 9 11.5C9 11.2509 9.03643 11.0104 9.10425 10.7833L5.71313 8.66388ZM11.5 5.00003C12.3284 5.00003 13 4.32846 13 3.50003C13 2.6716 12.3284 2.00003 11.5 2.00003C10.6716 2.00003 10 2.6716 10 3.50003C10 4.32846 10.6716 5.00003 11.5 5.00003ZM13 11.5C13 12.3285 12.3284 13 11.5 13C10.6716 13 10 12.3285 10 11.5C10 10.6716 10.6716 10 11.5 10C12.3284 10 13 10.6716 13 11.5Z"
                    fill="currentColor"
                    fill-rule="evenodd"
                  />
                </svg>
              </button>
            </div>
          </div>
        </div>
      </div>
    </div>
  </div>,
  "debug": [Function],
  "findAllByAltText": [Function],
  "findAllByDisplayValue": [Function],
  "findAllByLabelText": [Function],
  "findAllByPlaceholderText": [Function],
  "findAllByRole": [Function],
  "findAllByTestId": [Function],
  "findAllByText": [Function],
  "findAllByTitle": [Function],
  "findByAltText": [Function],
  "findByDisplayValue": [Function],
  "findByLabelText": [Function],
  "findByPlaceholderText": [Function],
  "findByRole": [Function],
  "findByTestId": [Function],
  "findByText": [Function],
  "findByTitle": [Function],
  "getAllByAltText": [Function],
  "getAllByDisplayValue": [Function],
  "getAllByLabelText": [Function],
  "getAllByPlaceholderText": [Function],
  "getAllByRole": [Function],
  "getAllByTestId": [Function],
  "getAllByText": [Function],
  "getAllByTitle": [Function],
  "getByAltText": [Function],
  "getByDisplayValue": [Function],
  "getByLabelText": [Function],
  "getByPlaceholderText": [Function],
  "getByRole": [Function],
  "getByTestId": [Function],
  "getByText": [Function],
  "getByTitle": [Function],
  "queryAllByAltText": [Function],
  "queryAllByDisplayValue": [Function],
  "queryAllByLabelText": [Function],
  "queryAllByPlaceholderText": [Function],
  "queryAllByRole": [Function],
  "queryAllByTestId": [Function],
  "queryAllByText": [Function],
  "queryAllByTitle": [Function],
  "queryByAltText": [Function],
  "queryByDisplayValue": [Function],
  "queryByLabelText": [Function],
  "queryByPlaceholderText": [Function],
  "queryByRole": [Function],
  "queryByTestId": [Function],
  "queryByText": [Function],
  "queryByTitle": [Function],
  "rerender": [Function],
  "unmount": [Function],
}
`;
