// Vitest Snapshot v1, https://vitest.dev/guide/snapshot.html

exports[`ProgressWithValueLabel > should match snapshot 1`] = `
{
  "asFragment": [Function],
  "baseElement": <body>
    <div>
      <div
        class="relative w-full"
      >
        <div
          aria-valuemax="100"
          aria-valuemin="0"
          class="relative rounded-full w-full h-7 bg-primary *:bg-[linear-gradient(to_top_right,#9400d5,#1e89ee)] overflow-hidden *:skew-x-12"
          data-max="100"
          data-state="indeterminate"
          role="progressbar"
        >
          <div
            class="h-full w-full flex-1 bg-primary transition-all"
            data-max="100"
            data-state="indeterminate"
            style="transform: translateX(-52%) skewX(-12deg);"
          />
        </div>
        <div
          class="absolute top-[2px] left-[15px]"
        >
          1 play
        </div>
      </div>
    </div>
  </body>,
  "container": <div>
    <div
      class="relative w-full"
    >
      <div
        aria-valuemax="100"
        aria-valuemin="0"
        class="relative rounded-full w-full h-7 bg-primary *:bg-[linear-gradient(to_top_right,#9400d5,#1e89ee)] overflow-hidden *:skew-x-12"
        data-max="100"
        data-state="indeterminate"
        role="progressbar"
      >
        <div
          class="h-full w-full flex-1 bg-primary transition-all"
          data-max="100"
          data-state="indeterminate"
          style="transform: translateX(-52%) skewX(-12deg);"
        />
      </div>
      <div
        class="absolute top-[2px] left-[15px]"
      >
        1 play
      </div>
    </div>
  </div>,
  "debug": [Function],
  "findAllByAltText": [Function],
  "findAllByDisplayValue": [Function],
  "findAllByLabelText": [Function],
  "findAllByPlaceholderText": [Function],
  "findAllByRole": [Function],
  "findAllByTestId": [Function],
  "findAllByText": [Function],
  "findAllByTitle": [Function],
  "findByAltText": [Function],
  "findByDisplayValue": [Function],
  "findByLabelText": [Function],
  "findByPlaceholderText": [Function],
  "findByRole": [Function],
  "findByTestId": [Function],
  "findByText": [Function],
  "findByTitle": [Function],
  "getAllByAltText": [Function],
  "getAllByDisplayValue": [Function],
  "getAllByLabelText": [Function],
  "getAllByPlaceholderText": [Function],
  "getAllByRole": [Function],
  "getAllByTestId": [Function],
  "getAllByText": [Function],
  "getAllByTitle": [Function],
  "getByAltText": [Function],
  "getByDisplayValue": [Function],
  "getByLabelText": [Function],
  "getByPlaceholderText": [Function],
  "getByRole": [Function],
  "getByTestId": [Function],
  "getByText": [Function],
  "getByTitle": [Function],
  "queryAllByAltText": [Function],
  "queryAllByDisplayValue": [Function],
  "queryAllByLabelText": [Function],
  "queryAllByPlaceholderText": [Function],
  "queryAllByRole": [Function],
  "queryAllByTestId": [Function],
  "queryAllByText": [Function],
  "queryAllByTitle": [Function],
  "queryByAltText": [Function],
  "queryByDisplayValue": [Function],
  "queryByLabelText": [Function],
  "queryByPlaceholderText": [Function],
  "queryByRole": [Function],
  "queryByTestId": [Function],
  "queryByText": [Function],
  "queryByTitle": [Function],
  "rerender": [Function],
  "unmount": [Function],
}
`;
