// Vitest Snapshot v1, https://vitest.dev/guide/snapshot.html

exports[`ToggleTimeRange > should match snapshot 1`] = `
{
  "asFragment": [Function],
  "baseElement": <body>
    <div>
      <div
        class="flex items-center justify-center gap-1 text-white"
        dir="ltr"
        role="group"
        style="outline: none;"
        tabindex="0"
      >
        <a
          aria-checked="true"
          class="inline-flex items-center justify-center rounded-md text-sm font-medium transition-colors hover:bg-accent/60 hover:text-accent-foreground focus-visible:outline-none focus-visible:ring-1 focus-visible:ring-ring disabled:pointer-events-none disabled:opacity-50 data-[state=on]:bg-accent data-[state=on]:text-accent-foreground bg-transparent h-9 px-3"
          data-radix-collection-item=""
          data-state="on"
          href="/profile/id?time-range=short_term"
          role="radio"
          tabindex="-1"
          type="button"
        >
          4 weeks
        </a>
        <a
          aria-checked="false"
          class="inline-flex items-center justify-center rounded-md text-sm font-medium transition-colors hover:bg-accent/60 hover:text-accent-foreground focus-visible:outline-none focus-visible:ring-1 focus-visible:ring-ring disabled:pointer-events-none disabled:opacity-50 data-[state=on]:bg-accent data-[state=on]:text-accent-foreground bg-transparent h-9 px-3"
          data-radix-collection-item=""
          data-state="off"
          href="/profile/id?time-range=medium_term"
          role="radio"
          tabindex="-1"
          type="button"
        >
          6 months
        </a>
        <a
          aria-checked="false"
          class="inline-flex items-center justify-center rounded-md text-sm font-medium transition-colors hover:bg-accent/60 hover:text-accent-foreground focus-visible:outline-none focus-visible:ring-1 focus-visible:ring-ring disabled:pointer-events-none disabled:opacity-50 data-[state=on]:bg-accent data-[state=on]:text-accent-foreground bg-transparent h-9 px-3"
          data-radix-collection-item=""
          data-state="off"
          href="/profile/id?time-range=long_term"
          role="radio"
          tabindex="-1"
          type="button"
        >
          lifetime
        </a>
      </div>
    </div>
  </body>,
  "container": <div>
    <div
      class="flex items-center justify-center gap-1 text-white"
      dir="ltr"
      role="group"
      style="outline: none;"
      tabindex="0"
    >
      <a
        aria-checked="true"
        class="inline-flex items-center justify-center rounded-md text-sm font-medium transition-colors hover:bg-accent/60 hover:text-accent-foreground focus-visible:outline-none focus-visible:ring-1 focus-visible:ring-ring disabled:pointer-events-none disabled:opacity-50 data-[state=on]:bg-accent data-[state=on]:text-accent-foreground bg-transparent h-9 px-3"
        data-radix-collection-item=""
        data-state="on"
        href="/profile/id?time-range=short_term"
        role="radio"
        tabindex="-1"
        type="button"
      >
        4 weeks
      </a>
      <a
        aria-checked="false"
        class="inline-flex items-center justify-center rounded-md text-sm font-medium transition-colors hover:bg-accent/60 hover:text-accent-foreground focus-visible:outline-none focus-visible:ring-1 focus-visible:ring-ring disabled:pointer-events-none disabled:opacity-50 data-[state=on]:bg-accent data-[state=on]:text-accent-foreground bg-transparent h-9 px-3"
        data-radix-collection-item=""
        data-state="off"
        href="/profile/id?time-range=medium_term"
        role="radio"
        tabindex="-1"
        type="button"
      >
        6 months
      </a>
      <a
        aria-checked="false"
        class="inline-flex items-center justify-center rounded-md text-sm font-medium transition-colors hover:bg-accent/60 hover:text-accent-foreground focus-visible:outline-none focus-visible:ring-1 focus-visible:ring-ring disabled:pointer-events-none disabled:opacity-50 data-[state=on]:bg-accent data-[state=on]:text-accent-foreground bg-transparent h-9 px-3"
        data-radix-collection-item=""
        data-state="off"
        href="/profile/id?time-range=long_term"
        role="radio"
        tabindex="-1"
        type="button"
      >
        lifetime
      </a>
    </div>
  </div>,
  "debug": [Function],
  "findAllByAltText": [Function],
  "findAllByDisplayValue": [Function],
  "findAllByLabelText": [Function],
  "findAllByPlaceholderText": [Function],
  "findAllByRole": [Function],
  "findAllByTestId": [Function],
  "findAllByText": [Function],
  "findAllByTitle": [Function],
  "findByAltText": [Function],
  "findByDisplayValue": [Function],
  "findByLabelText": [Function],
  "findByPlaceholderText": [Function],
  "findByRole": [Function],
  "findByTestId": [Function],
  "findByText": [Function],
  "findByTitle": [Function],
  "getAllByAltText": [Function],
  "getAllByDisplayValue": [Function],
  "getAllByLabelText": [Function],
  "getAllByPlaceholderText": [Function],
  "getAllByRole": [Function],
  "getAllByTestId": [Function],
  "getAllByText": [Function],
  "getAllByTitle": [Function],
  "getByAltText": [Function],
  "getByDisplayValue": [Function],
  "getByLabelText": [Function],
  "getByPlaceholderText": [Function],
  "getByRole": [Function],
  "getByTestId": [Function],
  "getByText": [Function],
  "getByTitle": [Function],
  "queryAllByAltText": [Function],
  "queryAllByDisplayValue": [Function],
  "queryAllByLabelText": [Function],
  "queryAllByPlaceholderText": [Function],
  "queryAllByRole": [Function],
  "queryAllByTestId": [Function],
  "queryAllByText": [Function],
  "queryAllByTitle": [Function],
  "queryByAltText": [Function],
  "queryByDisplayValue": [Function],
  "queryByLabelText": [Function],
  "queryByPlaceholderText": [Function],
  "queryByRole": [Function],
  "queryByTestId": [Function],
  "queryByText": [Function],
  "queryByTitle": [Function],
  "rerender": [Function],
  "unmount": [Function],
}
`;
